// Jest Snapshot v1, https://goo.gl/fbAQLP

exports[`markdown rendering renders identital markdown without translations 1`] = `
"# title
hello, world"
`;

exports[`markdown rendering renders translated text instead of hashes 1`] = `
"# Heading 1
Paragraph
- First list item
- Second list item
Heading 2
-----------
Paragraph with **bold text** and *italics*

Also key features of the project structure highlight extremely interesting features of the picture as a whole. Sentences add up to paragraphs — and you will enjoy another delirium.
> text inside of the blockquote
1. First ordered list item
2. Second ordered list item

[Link text. Link text continued.](files/file.md \\"Link description. Link description continued.\\")

![Alternative image text Alt. text continued](files/image.png \\"Image title Image title continued\\")"
`;

exports[`markdown rendering renders translated text instead of hashes, with liquid conditionals in text 1`] = `
"# Титул Документа
{% if OS == 'iOS' %}

Скачайте приложение из  [{{ ios-marketplace }} Стора](https://www.apple.com/ios/app-store).

{% else %}

Скачайте приложение из  [{{ other-marketplace }} Стора](https://play.google.com).

Какой-то текст {% if  OS == 'iOS' %} Apple {% else %} Android {% endif %} Продолжение текста.

{% endif %}"
`;

exports[`markdown rendering renders translated text instead of hashes, with liquid variables in text 1`] = `
"# {{ service-name }} Сервис
Попробуйте {{ service-name }} и расскажите нам что вы думаете о нём.

Также присмотритесь к [{{ other-service-name }}](files/file.md \\"{{ other-service-name }} описание\\")

![скриншот использования {{ service-name }}](files/image.png \\"{{ service-name }} в действие\\")"
`;
