// Jest Snapshot v1, https://goo.gl/fbAQLP

exports[`markdown rendering renders identital markdown without translations 1`] = `
"# title
hello, world"
`;

exports[`markdown rendering renders translated text instead of hashes 1`] = `
"# Heading 1
Paragraph
- First list item
- Second list item
Heading 2
-----------
Paragraph with **bold text** and *italics*

Also key features of the project structure highlight extremely interesting features of the picture as a whole. Sentences add up to paragraphs — and you will enjoy another delirium.
> text inside of the blockquote
1. First ordered list item
2. Second ordered list item

[Link text. Link text continued.](files/file.md \\"Link description. Link description continued.\\")

![Alternative image text Alt. text continued](files/image.png \\"Image title Image title continued\\")"
`;
