// Jest Snapshot v1, https://goo.gl/fbAQLP

exports[`inline: renders translated markdown inline: renders sentences with code syntax 1`] = `"Sentence number \`one\`. Sentence number \`two\`."`;

exports[`inline: renders translated markdown inline: renders sentences with em syntax 1`] = `"Sentence number *one*. Sentence number *two*."`;

exports[`inline: renders translated markdown inline: renders sentences with plain text 1`] = `"Sentence number one. Sentence number two."`;

exports[`inline: renders translated markdown inline: renders sentences with s syntax 1`] = `"Sentence number ~~one~~. Sentence number ~~two~~."`;

exports[`inline: renders translated markdown inline: renders sentences with samp syntax 1`] = `"Sentence number ##one##. Sentence number ##two##."`;

exports[`inline: renders translated markdown inline: renders sentences with strong syntax 1`] = `"Sentence number **one**. Sentence number **two**."`;

exports[`inline: renders translated markdown inline: renders sentences with sup syntax 1`] = `"Sentence number^one^. Sentence number^two^."`;
