// Jest Snapshot v1, https://goo.gl/fbAQLP

exports[`trans-unit generator generates trans-unit with provided source, id, target 1`] = `"<target>Предложение о чем-то</target>"`;

exports[`trans-unit generator generates trans-unit with provided: source, id 1`] = `"<source>Sentence about something</source>"`;
