// Vitest Snapshot v1, https://vitest.dev/guide/snapshot.html

exports[`trans-unit generator > generates trans-unit with provided source, id, target 1`] = `
"<target xml:space=\\"preserve\\">Предложение о чем-то</target>
<source xml:space=\\"preserve\\">Sentence about something</source>"
`;

exports[`trans-unit generator > generates trans-unit with provided: source, id 1`] = `"<source xml:space=\\"preserve\\">Sentence about something</source>"`;
