// Jest Snapshot v1, https://goo.gl/fbAQLP

exports[`renders xlf to markdown renders autolink wrapped in <x> tags 1`] = `"Предложение номер один <https://www.google.com>."`;

exports[`renders xlf to markdown renders code wrapped in <x> tag 1`] = `"Предложение номер \`один\`."`;

exports[`renders xlf to markdown renders em wrapped in <g> tags 1`] = `"Предложение номер *один*."`;

exports[`renders xlf to markdown renders empty image wrapped in <g> and <x> tags 1`] = `"Sentence ![]()."`;

exports[`renders xlf to markdown renders heading with anchor wrapped in <x> tags 1`] = `"Heading with anchors {#anchor1} {#anchor2}"`;

exports[`renders xlf to markdown renders image with all attributes wrapped in <g> and <x> tags 1`] = `"Sentence ![image](image.png \\"hint\\" =100x50)."`;

exports[`renders xlf to markdown renders image with src and size wrapped in <g> and <x> tags 1`] = `"Sentence ![image](image.png =100x100)."`;

exports[`renders xlf to markdown renders image with src and title wrapped in <g> and <x> tags 1`] = `"Sentence ![image](image.png \\"hint\\")."`;

exports[`renders xlf to markdown renders image with src title and height size wrapped in <g> and <x> tags 1`] = `"Sentence ![image](image.png \\"hint\\" =x100)."`;

exports[`renders xlf to markdown renders image with src title and width size wrapped in <g> and <x> tags 1`] = `"Sentence ![image](image.png \\"hint\\" =100x)."`;

exports[`renders xlf to markdown renders image with src wrapped in <g> and <x> tags 1`] = `"Sentence ![image](image.png)."`;

exports[`renders xlf to markdown renders link with title wrapped in <g> and <x> tags 1`] = `"Предложение номер [один](one.md \\"one\\")."`;

exports[`renders xlf to markdown renders link wrapped in <g> and <x> tags 1`] = `"Предложение номер [два](two.md)."`;

exports[`renders xlf to markdown renders plain text 1`] = `"Sentence about something. Another sentence."`;

exports[`renders xlf to markdown renders ref link wrapped in <g> and <x> tags 1`] = `"Предложение номер [{#T}](one.md \\"one\\")."`;

exports[`renders xlf to markdown renders s wrapped in <g> tags 1`] = `"Предложение номер ~~один~~."`;

exports[`renders xlf to markdown renders samp wrapped in <g> tags 1`] = `"Предложение номер ##один##."`;

exports[`renders xlf to markdown renders strong wrapped in <g> tags 1`] = `"Предложение номер **один**."`;

exports[`renders xlf to markdown renders sup wrapped in <g> tags 1`] = `"Предложение номер ^один^."`;

exports[`renders xlf to markdown renders variable href link wrapped in <g> and <x> tags 1`] = `"Предложение номер [один]({{one}} \\"one\\")."`;

exports[`renders xlf to markdown renders video wrapped in <x> tags 1`] = `"Another sentence @[youtube](rJz4OaURJ6U)"`;
