// Jest Snapshot v1, https://goo.gl/fbAQLP

exports[`skeleton rendering renders hash instead of the content from markdown with liquid conditionals 1`] = `
"# %%%1%%%
{% if OS == 'iOS' %}

%%%2%%% [%%%3%%%](https://www.apple.com/ios/app-store/)%%%4%%%

{% else %}

%%%5%%% [%%%6%%%](https://play.google.com)%%%7%%%

%%%8%%% {% if  OS == 'iOS' %} %%%9%%% {% else %} %%%10%%% {% endif %} %%%11%%%

{% endif %}"
`;

exports[`skeleton rendering renders hash instead of the content from markdown with loops 1`] = `
"# %%%1%%%
{% for element in array %}

%%%2%%%

{% endfor %}

%%%3%%% {% for element in array %} %%%4%%% {% endfor %} %%%5%%%"
`;

exports[`skeleton rendering renders hash rendering instead of the content from markdown with liquid variables 1`] = `
"# %%%1%%%
%%%2%%%

%%%3%%% [%%%4%%%](files/file.md \\"%%%5%%%\\")

![%%%6%%%](files/image.png \\"%%%7%%%\\")"
`;

exports[`skeleton rendering renders hashes instead of content of the text tokens 1`] = `
"# %%%1%%%
%%%2%%%
- %%%3%%%
- %%%4%%%
%%%5%%%
-----------
%%%6%%% **%%%7%%%** %%%8%%% *%%%9%%%*

%%%10%%% %%%11%%%
> %%%12%%%
1. %%%13%%%
2. %%%14%%%

[%%%15%%% %%%16%%%](files/file.md \\"%%%17%%% %%%18%%%\\")

![%%%19%%% %%%20%%%](files/image.png \\"%%%21%%% %%%22%%%\\")"
`;
