// Jest Snapshot v1, https://goo.gl/fbAQLP

exports[`skeleton rendering renders hashes instead of content of the text tokens 1`] = `
"# %%%1%%%
%%%2%%%
- %%%3%%%
- %%%4%%%
%%%5%%%
-----------
%%%6%%% **%%%7%%%** %%%8%%% *%%%9%%%*

%%%10%%% %%%11%%%
> %%%12%%%
1. %%%13%%%
2. %%%14%%%

[%%%15%%% %%%16%%%](files/file.md \\"%%%17%%% %%%18%%%\\")

![%%%19%%% %%%20%%%](files/image.png \\"%%%21%%% %%%22%%%\\")"
`;
