// Jest Snapshot v1, https://goo.gl/fbAQLP

exports[`inline: skeleton rendering inline: renders hash instead of the sentences with anchor heading syntax. 1`] = `
"# %%%1%%%
## %%%2%%%"
`;

exports[`inline: skeleton rendering inline: renders hash instead of the sentences with autolink syntax. 1`] = `"%%%1%%% %%%2%%%"`;

exports[`inline: skeleton rendering inline: renders hash instead of the sentences with code syntax. 1`] = `"%%%1%%% %%%2%%%"`;

exports[`inline: skeleton rendering inline: renders hash instead of the sentences with em syntax. 1`] = `"%%%1%%% %%%2%%%"`;

exports[`inline: skeleton rendering inline: renders hash instead of the sentences with file syntax. 1`] = `"%%%1%%% %%%2%%%"`;

exports[`inline: skeleton rendering inline: renders hash instead of the sentences with image syntax. 1`] = `"%%%1%%% %%%2%%% %%%3%%% %%%4%%% %%%5%%% %%%6%%%"`;

exports[`inline: skeleton rendering inline: renders hash instead of the sentences with links syntax. 1`] = `"%%%1%%% %%%2%%%"`;

exports[`inline: skeleton rendering inline: renders hash instead of the sentences with liquid conditions. 1`] = `"%%%1%%% %%%2%%%"`;

exports[`inline: skeleton rendering inline: renders hash instead of the sentences with liquid functions. 1`] = `"%%%1%%% %%%2%%%"`;

exports[`inline: skeleton rendering inline: renders hash instead of the sentences with liquid loops. 1`] = `"%%%1%%% %%%2%%%"`;

exports[`inline: skeleton rendering inline: renders hash instead of the sentences with plain text. 1`] = `"%%%1%%% %%%2%%%"`;

exports[`inline: skeleton rendering inline: renders hash instead of the sentences with ref links syntax. 1`] = `"%%%1%%% %%%2%%%"`;

exports[`inline: skeleton rendering inline: renders hash instead of the sentences with s syntax. 1`] = `"%%%1%%% %%%2%%%"`;

exports[`inline: skeleton rendering inline: renders hash instead of the sentences with samp syntax. 1`] = `"%%%1%%% %%%2%%%"`;

exports[`inline: skeleton rendering inline: renders hash instead of the sentences with strong syntax. 1`] = `"%%%1%%% %%%2%%%"`;

exports[`inline: skeleton rendering inline: renders hash instead of the sentences with sup syntax. 1`] = `"%%%1%%% %%%2%%%"`;

exports[`inline: skeleton rendering inline: renders hash instead of the sentences with variable href link syntax. 1`] = `"%%%1%%% %%%2%%%"`;

exports[`inline: skeleton rendering inline: renders hash instead of the sentences with video syntax. 1`] = `"%%%1%%% %%%2%%%"`;
