// Jest Snapshot v1, https://goo.gl/fbAQLP

exports[`inline: skeleton rendering inline: renders hash instead of the sentences with em syntax. 1`] = `"%%%1%%% %%%2%%%"`;

exports[`inline: skeleton rendering inline: renders hash instead of the sentences with plain text. 1`] = `"%%%1%%% %%%2%%%"`;

exports[`inline: skeleton rendering inline: renders hash instead of the sentences with s syntax. 1`] = `"%%%1%%% %%%2%%%"`;

exports[`inline: skeleton rendering inline: renders hash instead of the sentences with strong syntax. 1`] = `"%%%1%%% %%%2%%%"`;

exports[`inline: skeleton rendering inline: renders hash instead of the sentences with sup syntax. 1`] = `"%%%1%%% %%%2%%%"`;
